
PLAY [all] ******************************************************************** 

TASK: [cleanup | check if any other jobs are running] ************************* 
[0;33mchanged: [dexter.soe.ucsc.edu][0m

TASK: [cleanup | stop all containers, effectively stop  all services] ********* 
[0;33mchanged: [dexter.soe.ucsc.edu][0m

TASK: [cleanup | remove all containers, effectively killing all services] ***** 
[0;33mchanged: [dexter.soe.ucsc.edu][0m

PLAY [compile ceph src] ******************************************************* 

TASK: [mantle-build | build ceph] ********************************************* 
[0;32mok: [dexter.soe.ucsc.edu][0m

TASK: [mantle-build | compiling (run [docker logs mantledev-build] on Builder for progress)] *** 
[0;33mchanged: [dexter.soe.ucsc.edu][0m

TASK: [mantle-build | fail if docker build fails] ***************************** 
[0;36mskipping: [dexter.soe.ucsc.edu][0m

PLAY [start ceph container] *************************************************** 

TASK: [mantle | move some startup scripts over there] ************************* 
[0;33mchanged: [dexter.soe.ucsc.edu][0m

TASK: [mantle | make scripts executable] ************************************** 
[0;33mchanged: [dexter.soe.ucsc.edu][0m

TASK: [mantle | start ceph container] ***************************************** 
[0;33mchanged: [dexter.soe.ucsc.edu][0m

TASK: [start ceph daemons] **************************************************** 
[0;31mfailed: [dexter.soe.ucsc.edu] => {"changed": true, "cmd": ["docker", "exec", "cephdev", "/ceph-scripts/standalone.sh"], "delta": "0:00:00.091013", "end": "2015-11-13 21:19:24.513552", "rc": 2, "start": "2015-11-13 21:19:24.422539", "warnings": []}[0m
[0;31mstdout: ERROR- /etc/ceph/ceph.client.admin.keyring must exist; get it from your existing mon[0m
[0;31m
FATAL: all hosts have already failed -- aborting[0m

PLAY RECAP ******************************************************************** 
           to retry, use: --limit @/root/ceph-mantle.retry

[0;31mdexter.soe.ucsc.edu[0m        : [0;32mok[0m[0;32m=[0m[0;32m8[0m    [0;33mchanged[0m[0;33m=[0m[0;33m7[0m    unreachable=0    [0;31mfailed[0m[0;31m=[0m[0;31m1[0m   

