
PLAY [all] ******************************************************************** 

TASK: [cleanup | check if any other jobs are running] ************************* 
[0;31mfailed: [dexter.soe.ucsc.edu] => {"changed": true, "cmd": "docker ps | grep -v emaster | grep -v CONTAINER", "delta": "0:00:00.045346", "end": "2015-11-13 21:11:26.172734", "rc": 1, "start": "2015-11-13 21:11:26.127388", "warnings": []}[0m
[0;36m...ignoring[0m

TASK: [cleanup | stop all containers, effectively stop  all services] ********* 
[0;36mskipping: [dexter.soe.ucsc.edu][0m

TASK: [cleanup | remove all containers, effectively killing all services] ***** 
[0;36mskipping: [dexter.soe.ucsc.edu][0m

PLAY [start ceph container] *************************************************** 

TASK: [ceph | move some startup scripts over there] *************************** 
[0;33mchanged: [dexter.soe.ucsc.edu][0m

TASK: [ceph | make scripts executable] **************************************** 
[0;33mchanged: [dexter.soe.ucsc.edu][0m

TASK: [ceph | start ceph container] ******************************************* 
[0;33mchanged: [dexter.soe.ucsc.edu][0m

TASK: [start ceph daemons] **************************************************** 
[0;31mfailed: [dexter.soe.ucsc.edu] => {"changed": true, "cmd": ["docker", "exec", "cephdev", "/ceph-scripts/standalone.sh"], "delta": "0:00:00.101257", "end": "2015-11-13 21:11:27.978198", "rc": 127, "start": "2015-11-13 21:11:27.876941", "warnings": []}[0m
[0;31mstderr: /ceph-scripts/standalone.sh: line 50: ceph-authtool: command not found[0m
[0;31m
FATAL: all hosts have already failed -- aborting[0m

PLAY RECAP ******************************************************************** 
           to retry, use: --limit @/root/ceph-lttng.retry

[0;31mdexter.soe.ucsc.edu[0m        : [0;32mok[0m[0;32m=[0m[0;32m4[0m    [0;33mchanged[0m[0;33m=[0m[0;33m4[0m    unreachable=0    [0;31mfailed[0m[0;31m=[0m[0;31m1[0m   

