
PLAY [all] ******************************************************************** 

TASK: [cleanup | check if any other jobs are running] ************************* 
[0;33mchanged: [dexter.soe.ucsc.edu][0m

TASK: [cleanup | stop all containers, effectively stop  all services] ********* 
[0;33mchanged: [dexter.soe.ucsc.edu][0m

TASK: [cleanup | remove all containers, effectively killing all services] ***** 
[0;33mchanged: [dexter.soe.ucsc.edu][0m

PLAY [Builder] **************************************************************** 

TASK: [zlog-build | build the zlog binaries] ********************************** 
[0;33mchanged: [dexter.soe.ucsc.edu][0m

PLAY [Workers] **************************************************************** 

TASK: [run the unit tests] **************************************************** 
[0;31mfailed: [dexter.soe.ucsc.edu] => {"changed": true, "cmd": "docker run --rm --name=zlog-client --net=host -v /etc/ceph:/etc/ceph --entrypoint=/src/zlog/src/test michaelsevilla/zlogdev-build", "delta": "0:00:00.661517", "end": "2015-11-13 21:23:12.750144", "rc": 1, "start": "2015-11-13 21:23:12.088627", "warnings": []}[0m
[0;31mstdout: Running main() from gtest_main.cc
[==========] Running 28 tests from 4 test cases.
[----------] Global test environment set-up.
[----------] 8 tests from LibZlog
[ RUN      ] LibZlog.Create
test.cc:116: Failure
Value of: create_one_pool_pp(pool_name, rados)
  Actual: "cluster.connect failed with error -2"
Expected: ""
[  FAILED  ] LibZlog.Create (7 ms)
[ RUN      ] LibZlog.Open
test.cc:144: Failure
Value of: create_one_pool_pp(pool_name, rados)
  Actual: "cluster.connect failed with error -2"
Expected: ""
[  FAILED  ] LibZlog.Open (6 ms)
[ RUN      ] LibZlog.CheckTail
test.cc:167: Failure
Value of: create_one_pool_pp(pool_name, rados)
  Actual: "cluster.connect failed with error -2"
Expected: ""
[  FAILED  ] LibZlog.CheckTail (5 ms)
[ RUN      ] LibZlog.CheckTailBatch
test.cc:201: Failure
Value of: create_one_pool_pp(pool_name, rados)
  Actual: "cluster.connect failed with error -2"
Expected: ""
[  FAILED  ] LibZlog.CheckTailBatch (5 ms)
[ RUN      ] LibZlog.Append
test.cc:249: Failure
Value of: create_one_pool_pp(pool_name, rados)
  Actual: "cluster.connect failed with error -2"
Expected: ""
[  FAILED  ] LibZlog.Append (6 ms)
[ RUN      ] LibZlog.Fill
test.cc:687: Failure
Value of: create_one_pool_pp(pool_name, rados)
  Actual: "cluster.connect failed with error -2"
Expected: ""
[  FAILED  ] LibZlog.Fill (4 ms)
[ RUN      ] LibZlog.Read
test.cc:728: Failure
Value of: create_one_pool_pp(pool_name, rados)
  Actual: "cluster.connect failed with error -2"
Expected: ""
[  FAILED  ] LibZlog.Read (4 ms)
[ RUN      ] LibZlog.Trim
test.cc:788: Failure
Value of: create_one_pool_pp(pool_name, rados)
  Actual: "cluster.connect failed with error -2"
Expected: ""
[  FAILED  ] LibZlog.Trim (4 ms)
[----------] 8 tests from LibZlog (41 ms total)

[----------] 6 tests from LibZlogStream
[ RUN      ] LibZlogStream.MultiAppend
test.cc:294: Failure
Value of: create_one_pool_pp(pool_name, rados)
  Actual: "cluster.connect failed with error -2"
Expected: ""
[  FAILED  ] LibZlogStream.MultiAppend (4 ms)
[ RUN      ] LibZlogStream.StreamId
test.cc:355: Failure
Value of: create_one_pool_pp(pool_name, rados)
  Actual: "cluster.connect failed with error -2"
Expected: ""
[  FAILED  ] LibZlogStream.StreamId (5 ms)
[ RUN      ] LibZlogStream.Append
test.cc:384: Failure
Value of: create_one_pool_pp(pool_name, rados)
  Actual: "cluster.connect failed with error -2"
Expected: ""
[  FAILED  ] LibZlogStream.Append (4 ms)
[ RUN      ] LibZlogStream.ReadNext
test.cc:431: Failure
Value of: create_one_pool_pp(pool_name, rados)
  Actual: "cluster.connect failed with error -2"
Expected: ""
[  FAILED  ] LibZlogStream.ReadNext (4 ms)
[ RUN      ] LibZlogStream.Reset
test.cc:514: Failure
Value of: create_one_pool_pp(pool_name, rados)
  Actual: "cluster.connect failed with error -2"
Expected: ""
[  FAILED  ] LibZlogStream.Reset (4 ms)
[ RUN      ] LibZlogStream.Sync
test.cc:585: Failure
Value of: create_one_pool_pp(pool_name, rados)
  Actual: "cluster.connect failed with error -2"
Expected: ""
[  FAILED  ] LibZlogStream.Sync (4 ms)
[----------] 6 tests from LibZlogStream (25 ms total)

[----------] 8 tests from LibZlogC
[ RUN      ] LibZlogC.Trim
test.cc:829: Failure
Value of: create_one_pool_pp(pool_name, &rados)
  Actual: -2
Expected: 0
[  FAILED  ] LibZlogC.Trim (4 ms)
[ RUN      ] LibZlogC.Create
test.cc:867: Failure
Value of: create_one_pool_pp(pool_name, &rados)
  Actual: -2
Expected: 0
[  FAILED  ] LibZlogC.Create (2 ms)
[ RUN      ] LibZlogC.Open
test.cc:897: Failure
Value of: create_one_pool_pp(pool_name, &rados)
  Actual: -2
Expected: 0
[  FAILED  ] LibZlogC.Open (3 ms)
[ RUN      ] LibZlogC.CheckTail
test.cc:925: Failure
Value of: create_one_pool_pp(pool_name, &rados)
  Actual: -2
Expected: 0
[  FAILED  ] LibZlogC.CheckTail (2 ms)
[ RUN      ] LibZlogC.Append
test.cc:959: Failure
Value of: create_one_pool_pp(pool_name, &rados)
  Actual: -2
Expected: 0
[  FAILED  ] LibZlogC.Append (3 ms)
[ RUN      ] LibZlogC.Fill
test.cc:1005: Failure
Value of: create_one_pool_pp(pool_name, &rados)
  Actual: -2
Expected: 0
[  FAILED  ] LibZlogC.Fill (3 ms)
[ RUN      ] LibZlogC.Read
test.cc:1047: Failure
Value of: create_one_pool_pp(pool_name, &rados)
  Actual: -2
Expected: 0
[  FAILED  ] LibZlogC.Read (2 ms)
[ RUN      ] LibZlogC.CheckTailBatch
test.cc:1112: Failure
Value of: create_one_pool_pp(pool_name, &rados)
  Actual: -2
Expected: 0
[  FAILED  ] LibZlogC.CheckTailBatch (3 ms)
[----------] 8 tests from LibZlogC (22 ms total)

[----------] 6 tests from LibZlogCStream
[ RUN      ] LibZlogCStream.MultiAppend
test.cc:1161: Failure
Value of: create_one_pool_pp(pool_name, &rados)
  Actual: -2
Expected: 0
[  FAILED  ] LibZlogCStream.MultiAppend (2 ms)
[ RUN      ] LibZlogCStream.ReadNext
test.cc:1231: Failure
Value of: create_one_pool_pp(pool_name, &rados)
  Actual: -2
Expected: 0
[  FAILED  ] LibZlogCStream.ReadNext (3 ms)
[ RUN      ] LibZlogCStream.Reset
test.cc:1311: Failure
Value of: create_one_pool_pp(pool_name, &rados)
  Actual: -2
Expected: 0
[  FAILED  ] LibZlogCStream.Reset (2 ms)
[ RUN      ] LibZlogCStream.Sync
test.cc:1382: Failure
Value of: create_one_pool_pp(pool_name, &rados)
  Actual: -2
Expected: 0
[  FAILED  ] LibZlogCStream.Sync (3 ms)
[ RUN      ] LibZlogCStream.StreamId
test.cc:1500: Failure
Value of: create_one_pool_pp(pool_name, &rados)
  Actual: -2
Expected: 0
[  FAILED  ] LibZlogCStream.StreamId (2 ms)
[ RUN      ] LibZlogCStream.Append
test.cc:1529: Failure
Value of: create_one_pool_pp(pool_name, &rados)
  Actual: -2
Expected: 0
[  FAILED  ] LibZlogCStream.Append (3 ms)
[----------] 6 tests from LibZlogCStream (15 ms total)

[----------] Global test environment tear-down
[==========] 28 tests from 4 test cases ran. (103 ms total)
[  PASSED  ] 0 tests.
[  FAILED  ] 28 tests, listed below:
[  FAILED  ] LibZlog.Create
[  FAILED  ] LibZlog.Open
[  FAILED  ] LibZlog.CheckTail
[  FAILED  ] LibZlog.CheckTailBatch
[  FAILED  ] LibZlog.Append
[  FAILED  ] LibZlog.Fill
[  FAILED  ] LibZlog.Read
[  FAILED  ] LibZlog.Trim
[  FAILED  ] LibZlogStream.MultiAppend
[  FAILED  ] LibZlogStream.StreamId
[  FAILED  ] LibZlogStream.Append
[  FAILED  ] LibZlogStream.ReadNext
[  FAILED  ] LibZlogStream.Reset
[  FAILED  ] LibZlogStream.Sync
[  FAILED  ] LibZlogC.Trim
[  FAILED  ] LibZlogC.Create
[  FAILED  ] LibZlogC.Open
[  FAILED  ] LibZlogC.CheckTail
[  FAILED  ] LibZlogC.Append
[  FAILED  ] LibZlogC.Fill
[  FAILED  ] LibZlogC.Read
[  FAILED  ] LibZlogC.CheckTailBatch
[  FAILED  ] LibZlogCStream.MultiAppend
[  FAILED  ] LibZlogCStream.ReadNext
[  FAILED  ] LibZlogCStream.Reset
[  FAILED  ] LibZlogCStream.Sync
[  FAILED  ] LibZlogCStream.StreamId
[  FAILED  ] LibZlogCStream.Append

28 FAILED TESTS[0m
[0;31m
FATAL: all hosts have already failed -- aborting[0m

PLAY RECAP ******************************************************************** 
           to retry, use: --limit @/root/zlog.retry

[0;31mdexter.soe.ucsc.edu[0m        : [0;32mok[0m[0;32m=[0m[0;32m4[0m    [0;33mchanged[0m[0;33m=[0m[0;33m4[0m    unreachable=0    [0;31mfailed[0m[0;31m=[0m[0;31m1[0m   

