
PLAY [all] ******************************************************************** 

TASK: [cleanup | check if any other jobs are running] ************************* 
[0;31mfailed: [dexter.soe.ucsc.edu] => {"changed": true, "cmd": "docker ps | grep -v emaster | grep -v CONTAINER", "delta": "0:00:00.045790", "end": "2015-11-13 14:58:29.883751", "rc": 1, "start": "2015-11-13 14:58:29.837961", "warnings": []}[0m
[0;36m...ignoring[0m

TASK: [cleanup | stop all containers, effectively stop  all services] ********* 
[0;36mskipping: [dexter.soe.ucsc.edu][0m

TASK: [cleanup | remove all containers, effectively killing all services] ***** 
[0;36mskipping: [dexter.soe.ucsc.edu][0m

PLAY [compile ceph src] ******************************************************* 

TASK: [ceph-build | build ceph] *********************************************** 
[0;32mok: [dexter.soe.ucsc.edu][0m

TASK: [ceph-build | wait for compile... (to see progress, ssh to node and run [docker logs cephdev-build])] *** 
[0;33mchanged: [dexter.soe.ucsc.edu][0m

TASK: [ceph-build | fail if docker build fails] ******************************* 
[0;36mskipping: [dexter.soe.ucsc.edu][0m

PLAY [start ceph container] *************************************************** 

TASK: [ceph | move some startup scripts over there] *************************** 
[0;33mchanged: [dexter.soe.ucsc.edu][0m

TASK: [ceph | make scripts executable] **************************************** 
[0;33mchanged: [dexter.soe.ucsc.edu][0m

TASK: [ceph | start ceph container] ******************************************* 
[0;33mchanged: [dexter.soe.ucsc.edu][0m

TASK: [start ceph daemons] **************************************************** 
[0;33mchanged: [dexter.soe.ucsc.edu][0m

PLAY [start ceph client] ****************************************************** 

TASK: [ceph-client | run the ceph client in a docker image] ******************* 
[0;32mok: [dexter.soe.ucsc.edu][0m

PLAY [check to see if ceph started; timeout if it takes too long] ************* 

TASK: [command docker exec ceph-client ceph -s] ******************************* 
[0;32mok: [dexter.soe.ucsc.edu][0m
[0;36m<job 776177943055.172043> finished on dexter.soe.ucsc.edu[0m

TASK: [debug var=result.stdout_lines] ***************************************** 
[0;32mok: [dexter.soe.ucsc.edu] => {
    "var": {
        "result.stdout_lines": [
            "    cluster c14f4414-8db6-4ffb-b954-8a6b9449bbc7", 
            "     health HEALTH_WARN", 
            "            14 pgs stuck inactive", 
            "            14 pgs stuck unclean", 
            "            too few PGs per OSD (13 < min 30)", 
            "     monmap e1: 1 mons at {dexter=127.0.0.1:6789/0}", 
            "            election epoch 2, quorum 0 dexter", 
            "     mdsmap e4: 1/1/1 up {0=0=up:creating}", 
            "     osdmap e22: 6 osds: 6 up, 6 in", 
            "      pgmap v28: 80 pgs, 3 pools, 0 bytes data, 0 objects", 
            "            279 GB used, 2338 GB / 2758 GB avail", 
            "                  66 active+clean", 
            "                  14 creating"
        ]
    }
}[0m

PLAY RECAP ******************************************************************** 
[0;33mdexter.soe.ucsc.edu[0m        : [0;32mok[0m[0;32m=[0m[0;32m11[0m   [0;33mchanged[0m[0;33m=[0m[0;33m6[0m    unreachable=0    failed=0   

