
PLAY [all] ******************************************************************** 

TASK: [cleanup | check if any other jobs are running] ************************* 
[0;33mchanged: [dexter.soe.ucsc.edu][0m

TASK: [cleanup | stop all containers, effectively stop  all services] ********* 
[0;33mchanged: [dexter.soe.ucsc.edu][0m

TASK: [cleanup | remove all containers, effectively killing all services] ***** 
[0;33mchanged: [dexter.soe.ucsc.edu][0m

PLAY [compile ceph src] ******************************************************* 

TASK: [mantle-build | build ceph] ********************************************* 
[0;32mok: [dexter.soe.ucsc.edu][0m

TASK: [mantle-build | compiling (run [docker logs mantledev-build] on Builder for progress)] *** 
[0;33mchanged: [dexter.soe.ucsc.edu][0m

TASK: [mantle-build | fail if docker build fails] ***************************** 
[0;36mskipping: [dexter.soe.ucsc.edu][0m

PLAY [start ceph container] *************************************************** 

TASK: [mantle | move some startup scripts over there] ************************* 
[0;33mchanged: [dexter.soe.ucsc.edu][0m

TASK: [mantle | make scripts executable] ************************************** 
[0;33mchanged: [dexter.soe.ucsc.edu][0m

TASK: [mantle | start ceph container] ***************************************** 
[0;33mchanged: [dexter.soe.ucsc.edu][0m

TASK: [start ceph daemons] **************************************************** 
[0;33mchanged: [dexter.soe.ucsc.edu][0m

PLAY [start ceph client] ****************************************************** 

TASK: [ceph-client | run the ceph client in a docker image] ******************* 
[0;32mok: [dexter.soe.ucsc.edu][0m

TASK: [command docker exec ceph-client ceph -s] ******************************* 
[0;32mok: [dexter.soe.ucsc.edu][0m
[0;36m<job 243936560698.225588> finished on dexter.soe.ucsc.edu[0m

TASK: [debug var=result.stdout_lines] ***************************************** 
[0;32mok: [dexter.soe.ucsc.edu] => {
    "var": {
        "result.stdout_lines": [
            "    cluster c14f4414-8db6-4ffb-b954-8a6b9449bbc7", 
            "     health HEALTH_WARN", 
            "            80 pgs stale", 
            "            too few PGs per OSD (13 < min 30)", 
            "            mds cluster is degraded", 
            "     monmap e1: 1 mons at {dexter=127.0.0.1:6789/0}", 
            "            election epoch 1, quorum 0 dexter", 
            "     mdsmap e9: 1/1/1 up {0=0=up:replay}, 1 up:standby", 
            "     osdmap e26: 6 osds: 6 up, 6 in", 
            "      pgmap v34: 80 pgs, 3 pools, 1940 bytes data, 20 objects", 
            "            336 GB used, 2805 GB / 3310 GB avail", 
            "                  80 stale+active+clean"
        ]
    }
}[0m

PLAY [Workers] **************************************************************** 

TASK: [inject greedy spill balancer] ****************************************** 
[0;33mchanged: [dexter.soe.ucsc.edu][0m

TASK: [debug var=result.stdout_lines] ***************************************** 
[0;32mok: [dexter.soe.ucsc.edu] => {
    "var": {
        "result.stdout_lines": [
            "{", 
            "    \"success\": \"\"", 
            "}", 
            "", 
            "{", 
            "    \"success\": \"\"", 
            "}", 
            "", 
            "{", 
            "    \"success\": \"\"", 
            "}", 
            "", 
            "{", 
            "    \"success\": \"mds_bal_debug_dfs = '10' \"", 
            "}", 
            "", 
            "{", 
            "    \"success\": \"mds_bal_debug_dfs_metaload = '0.5' \"", 
            "}", 
            "", 
            "{", 
            "    \"success\": \"mds_bal_debug_dfs_depth = '4' \"", 
            "}", 
            "", 
            "{", 
            "    \"error\": \"error setting 'mds_bal_lua' to '1': (2) No such file or directory\"", 
            "}", 
            "", 
            "{", 
            "    \"success\": \"mds_log = 'true' \"", 
            "}", 
            "", 
            "{", 
            "    \"success\": \"mds_bal_need_min = '0.98' \"", 
            "}", 
            "", 
            "{", 
            "    \"success\": \"mds_bal_split_size = '50000' \"", 
            "}", 
            "", 
            "{", 
            "    \"success\": \"ms_async_op_threads = '0' \"", 
            "}", 
            "", 
            "{", 
            "    \"success\": \"mds_bal_frag = 'true' \"", 
            "}", 
            "", 
            "{", 
            "    \"success\": \"mds_cache_size = '0' \"", 
            "}", 
            "", 
            "{", 
            "    \"success\": \"client_cache_size = '0' \"", 
            "}", 
            "", 
            "{", 
            "    \"success\": \"mds_bal_dir = '\\/ceph\\/src\\/mds\\/libmantle\\/' \"", 
            "}", 
            "", 
            "{", 
            "    \"success\": \"mds_bal_metaload = 'IWR' \"", 
            "}", 
            "", 
            "{", 
            "    \"success\": \"mds_bal_mdsload = 'MDSs[i][\\\"all\\\"]' \"", 
            "}", 
            "", 
            "{", 
            "    \"success\": \"mds_bal_when = 'if_MDSs[whoami][\\\"load\\\"]>.01_and_MDSs[whoami+1][\\\"load\\\"]<0.01_then' \"", 
            "}", 
            "", 
            "{", 
            "    \"success\": \"mds_bal_where = 'targets[t]=MDSs[whoami][\\\"load\\\"]\\/2' \"", 
            "}", 
            "", 
            "{", 
            "    \"success\": \"mds_bal_howmuch = '{\\\"half\\\"}' \"", 
            "}", 
            "", 
            "{", 
            "    \"success\": \"\"", 
            "}", 
            "", 
            "{", 
            "    \"success\": \"\"", 
            "}", 
            "", 
            "{", 
            "    \"success\": \"\"", 
            "}", 
            "", 
            "{", 
            "    \"success\": \"mds_bal_debug_dfs = '10' \"", 
            "}", 
            "", 
            "{", 
            "    \"success\": \"mds_bal_debug_dfs_metaload = '0.5' \"", 
            "}", 
            "", 
            "{", 
            "    \"success\": \"mds_bal_debug_dfs_depth = '4' \"", 
            "}", 
            "", 
            "{", 
            "    \"error\": \"error setting 'mds_bal_lua' to '1': (2) No such file or directory\"", 
            "}", 
            "", 
            "{", 
            "    \"success\": \"mds_log = 'true' \"", 
            "}", 
            "", 
            "{", 
            "    \"success\": \"mds_bal_need_min = '0.98' \"", 
            "}", 
            "", 
            "{", 
            "    \"success\": \"mds_bal_split_size = '50000' \"", 
            "}", 
            "", 
            "{", 
            "    \"success\": \"ms_async_op_threads = '0' \"", 
            "}", 
            "", 
            "{", 
            "    \"success\": \"mds_bal_frag = 'true' \"", 
            "}", 
            "", 
            "{", 
            "    \"success\": \"mds_cache_size = '0' \"", 
            "}", 
            "", 
            "{", 
            "    \"success\": \"client_cache_size = '0' \"", 
            "}", 
            "", 
            "{", 
            "    \"success\": \"mds_bal_dir = '\\/ceph\\/src\\/mds\\/libmantle\\/' \"", 
            "}", 
            "", 
            "{", 
            "    \"success\": \"mds_bal_metaload = 'IWR' \"", 
            "}", 
            "", 
            "{", 
            "    \"success\": \"mds_bal_mdsload = 'MDSs[i][\\\"all\\\"]' \"", 
            "}", 
            "", 
            "{", 
            "    \"success\": \"mds_bal_when = 'if_MDSs[whoami][\\\"load\\\"]>.01_and_MDSs[whoami+1][\\\"load\\\"]<0.01_then' \"", 
            "}", 
            "", 
            "{", 
            "    \"success\": \"mds_bal_where = 'targets[t]=MDSs[whoami][\\\"load\\\"]\\/2' \"", 
            "}", 
            "", 
            "{", 
            "    \"success\": \"mds_bal_howmuch = '{\\\"half\\\"}' \"", 
            "}", 
            "", 
            "{", 
            "    \"success\": \"\"", 
            "}", 
            "", 
            "{", 
            "    \"success\": \"\"", 
            "}", 
            "", 
            "{", 
            "    \"success\": \"\"", 
            "}", 
            "", 
            "{", 
            "    \"success\": \"mds_bal_debug_dfs = '10' \"", 
            "}", 
            "", 
            "{", 
            "    \"success\": \"mds_bal_debug_dfs_metaload = '0.5' \"", 
            "}", 
            "", 
            "{", 
            "    \"success\": \"mds_bal_debug_dfs_depth = '4' \"", 
            "}", 
            "", 
            "{", 
            "    \"error\": \"error setting 'mds_bal_lua' to '1': (2) No such file or directory\"", 
            "}", 
            "", 
            "{", 
            "    \"success\": \"mds_log = 'true' \"", 
            "}", 
            "", 
            "{", 
            "    \"success\": \"mds_bal_need_min = '0.98' \"", 
            "}", 
            "", 
            "{", 
            "    \"success\": \"mds_bal_split_size = '50000' \"", 
            "}", 
            "", 
            "{", 
            "    \"success\": \"ms_async_op_threads = '0' \"", 
            "}", 
            "", 
            "{", 
            "    \"success\": \"mds_bal_frag = 'true' \"", 
            "}", 
            "", 
            "{", 
            "    \"success\": \"mds_cache_size = '0' \"", 
            "}", 
            "", 
            "{", 
            "    \"success\": \"client_cache_size = '0' \"", 
            "}", 
            "", 
            "{", 
            "    \"success\": \"mds_bal_dir = '\\/ceph\\/src\\/mds\\/libmantle\\/' \"", 
            "}", 
            "", 
            "{", 
            "    \"success\": \"mds_bal_metaload = 'IWR' \"", 
            "}", 
            "", 
            "{", 
            "    \"success\": \"mds_bal_mdsload = 'MDSs[i][\\\"all\\\"]' \"", 
            "}", 
            "", 
            "{", 
            "    \"success\": \"mds_bal_when = 'if_MDSs[whoami][\\\"load\\\"]>.01_and_MDSs[whoami+1][\\\"load\\\"]<0.01_then' \"", 
            "}", 
            "", 
            "{", 
            "    \"success\": \"mds_bal_where = 'targets[t]=MDSs[whoami][\\\"load\\\"]\\/2' \"", 
            "}", 
            "", 
            "{", 
            "    \"success\": \"mds_bal_howmuch = '{\\\"half\\\"}' \"", 
            "}"
        ]
    }
}[0m

PLAY [Workers] **************************************************************** 

TASK: [ceph-fuse | mount CephFS] ********************************************** 
[0;32mok: [dexter.soe.ucsc.edu][0m

PLAY RECAP ******************************************************************** 
[0;33mdexter.soe.ucsc.edu[0m        : [0;32mok[0m[0;32m=[0m[0;32m16[0m   [0;33mchanged[0m[0;33m=[0m[0;33m9[0m    unreachable=0    failed=0   

