
PLAY [all] ******************************************************************** 

TASK: [cleanup | check if any other jobs are running] ************************* 
[0;33mchanged: [dexter.soe.ucsc.edu][0m

TASK: [cleanup | stop all containers, effectively stop  all services] ********* 
[0;33mchanged: [dexter.soe.ucsc.edu][0m

TASK: [cleanup | remove all containers, effectively killing all services] ***** 
[0;33mchanged: [dexter.soe.ucsc.edu][0m

PLAY [compile jxio src] ******************************************************* 

TASK: [jxio-build | build the jxio binaries] ********************************** 
[0;33mchanged: [dexter.soe.ucsc.edu][0m

TASK: [jxio-build | wait for compile... (to see progress, ssh to node and run [docker logs jxiodev-build])] *** 
[0;33mchanged: [dexter.soe.ucsc.edu][0m

TASK: [jxio-build | fail if docker build fails] ******************************* 
[0;36mskipping: [dexter.soe.ucsc.edu][0m

PLAY [compile tachyon src] **************************************************** 

TASK: [tachyon-build | check to see if user already checked out tachyon src] *** 
[0;31mfailed: [dexter.soe.ucsc.edu] => {"censored": "results hidden due to no_log parameter", "changed": false, "rc": 2}[0m
[0;36m...ignoring[0m

TASK: [tachyon-build | fail if code does not exist] *************************** 
[0;31mfailed: [dexter.soe.ucsc.edu] => {"failed": true}[0m
[0;31mmsg: Please put the Tachyon source code in /tmp/docker/src/tachyon/.git[0m
[0;31m
FATAL: all hosts have already failed -- aborting[0m

PLAY RECAP ******************************************************************** 
           to retry, use: --limit @/root/tachyon.retry

[0;31mdexter.soe.ucsc.edu[0m        : [0;32mok[0m[0;32m=[0m[0;32m6[0m    [0;33mchanged[0m[0;33m=[0m[0;33m5[0m    unreachable=0    [0;31mfailed[0m[0;31m=[0m[0;31m1[0m   

